***** External Functions *****
1    AddFontRegistrationToLog                           isrt.obl(Misc.obs)
2    AppSearch                                          isrt.obl(Driver.obs)
3    CCPSearch                                          isrt.obl(Driver.obs)
4    ChangeDirectory                                    isrt.obl(Files.obs)
5    CloseFile                                          isrt.obl(Files.obs)
6    CmdGetHwndDlg                                      isrt.obl(CustomDialog.obs)
7    ComponentAddFileToLog                              isrt.obl(component.obs)
8    ComponentCompareSizeRequired                       isrt.obl(component.obs)
9    ComponentGetData                                   isrt.obl(component.obs)
10   ComponentGetTotalCost                              isrt.obl(component.obs)
11   ComponentIsItemSelected                            isrt.obl(component.obs)
12   ComponentListItems                                 isrt.obl(component.obs)
13   ComponentSelectItem                                isrt.obl(component.obs)
14   ComponentTreeInit                                  isrt.obl(Dialogs.obs)
15   CreateDir                                          isrt.obl(Files.obs)
16   CreateFile                                         isrt.obl(Files.obs)
17   CreateInstallationInfo                             isrt.obl(Registry.obs)
18   CreateRegistrySet                                  isrt.obl(Feature.obs)
19   CtrlGetDlgItem                                     isrt.obl(CustomDialog.obs)
20   CtrlGetNotificationCode                            isrt.obl(CustomDialog.obs)
21   CtrlGetState                                       isrt.obl(CustomDialog.obs)
22   CtrlGetSubCommand                                  isrt.obl(CustomDialog.obs)
23   CtrlGetText                                        isrt.obl(CustomDialog.obs)
24   CtrlSelectText                                     isrt.obl(CustomDialog.obs)
25   CtrlSetMLEText                                     isrt.obl(CustomDialog.obs)
26   CtrlSetState                                       isrt.obl(CustomDialog.obs)
27   CtrlSetText                                        isrt.obl(CustomDialog.obs)
28   DIFxDriverPackageUninstall                         isrt.obl(ISDIFx.obs)
29   DRMINSTALLERPRO.DRMInstallPRO                      isrt.obl(Activation.obs)
30   DRMINSTALLERPRO.DRMUnInstallPRO                    isrt.obl(Activation.obs)
31   DefineDialog                                       isrt.obl(CustomDialog.obs)
32   Delay                                              isrt.obl(Misc.obs)
33   DeleteFile                                         isrt.obl(Files.obs)
34   DeleteSingleFile                                   isrt.obl(Files.obs)
35   DialogSetDefaultFont                               isrt.obl(Dialogs.obs)
36   DialogSetFont                                      isrt.obl(Dialogs.obs)
37   DialogSetInfo                                      isrt.obl(Dialogs.obs)
38   Disable                                            isrt.obl(Enable.obs)
39   DllSizeOf                                          isrt.obl(Str.obs)
40   Do                                                 isrt.obl(Misc.obs)
41   Enable                                             isrt.obl(Enable.obs)
42   EndCurrentDialog                                   isrt.obl(Dialogs.obs)
43   EndDialog                                          isrt.obl(CustomDialog.obs)
44   EnterDisk                                          isrt.obl(ISRTScriptDialogs.obs)
45   EnterDiskError                                     isrt.obl(ISRTScriptDialogs.obs)
46   EnterPassword                                      isrt.obl(ISRTScriptDialogs.obs)
47   ExistsDir                                          isrt.obl(Files.obs)
48   ExistsDisk                                         isrt.obl(Files.obs)
49   ExitInstall                                        isrt.obl(Driver.obs)
50   EzDefineDialog                                     isrt.obl(CustomDialog.obs)
51   FeatureAddFileToLog                                isrt.obl(Feature.obs)
52   FeatureCompareSizeRequired                         isrt.obl(Feature.obs)
53   FeatureErrorInfo                                   isrt.obl(Feature.obs)
54   FeatureFilterLanguage                              isrt.obl(Feature.obs)
55   FeatureFilterOS                                    isrt.obl(Feature.obs)
56   FeatureGetData                                     isrt.obl(Feature.obs)
57   FeatureGetTotalCost                                isrt.obl(Feature.obs)
58   FeatureIsItemSelected                              isrt.obl(Feature.obs)
59   FeatureListItems                                   isrt.obl(Feature.obs)
60   FeaturePatch                                       isrt.obl(Feature.obs)
61   FeatureReinstall                                   isrt.obl(Feature.obs)
62   FeatureRemoveAllInLogOnly                          isrt.obl(Feature.obs)
63   FeatureRemoveAllInMedia                            isrt.obl(Feature.obs)
64   FeatureRemoveAllInMediaAndLog                      isrt.obl(Feature.obs)
65   FeatureSaveTarget                                  isrt.obl(Feature.obs)
66   FeatureSelectItem                                  isrt.obl(Feature.obs)
67   FeatureSelectNew                                   isrt.obl(Feature.obs)
68   FeatureSetupTypeSet                                isrt.obl(Feature.obs)
69   FeatureStandardSetupTypeSet                        isrt.obl(Feature.obs)
70   FeatureTransferData                                isrt.obl(Feature.obs)
71   FeatureUpdate                                      isrt.obl(Feature.obs)
72   FeatureValidate                                    isrt.obl(Feature.obs)
73   FinalConstruct                                     ifx.obl(EventsPriv.obs)
74   FinalRelease                                       ifx.obl(EventsPriv.obs)
75   FindFile                                           isrt.obl(Files.obs)
76   FormatMessage                                      isrt.obl(Misc.obs)
77   GDI32.AddFontResource                              Setup.obs
78   GDI32.CreateRectRgn                                Setup.obs
79   GDI32.GetDeviceCaps                                Setup.obs
80   GDI32.RemoveFontResource                           Setup.obs
81   GetAddRemove                                       isrt.obl(SysVars.obs)
82   GetBillboard                                       isrt.obl(SysVars.obs)
83   GetCurrentDialogName                               isrt.obl(Dialogs.obs)
84   GetCurrentDir                                      isrt.obl(Files.obs)
85   GetDialogTitle                                     isrt.obl(Dialogs.obs)
86   GetDir                                             isrt.obl(Str.obs)
87   GetDisk                                            isrt.obl(Str.obs)
88   GetDiskSpace                                       isrt.obl(GSI.obs)
89   GetDiskSpaceEx                                     isrt.obl(GSI.obs)
90   GetEnabledIServices                                isrt.obl(SysVars.obs)
91   GetErrorMsg                                        isrt.obl(Dialogs.obs)
92   GetErrorTitle                                      isrt.obl(Dialogs.obs)
93   GetExtents                                         isrt.obl(GSI.obs)
94   GetFolderApplications                              isrt.obl(SysVars.obs)
95   GetFolderApplications64                            isrt.obl(SysVars.obs)
96   GetFolderDotNet10                                  isrt.obl(SysVars.obs)
97   GetFolderDotNet11                                  isrt.obl(SysVars.obs)
98   GetFolderDotNet20                                  isrt.obl(SysVars.obs)
99   GetFolderFonts                                     isrt.obl(SysVars.obs)
100  GetISRes                                           isrt.obl(SysVars.obs)
101  GetInstallScriptMSI                                isrt.obl(SysVars.obs)
102  GetInstanceGUID                                    isrt.obl(SysVars.obs)
103  GetKeyPathWinCurrVerAuto                           isrt.obl(SysVars.obs)
104  GetLog                                             isrt.obl(SysVars.obs)
105  GetLogEx                                           isrt.obl(SysVars.obs)
106  GetMaintOption                                     isrt.obl(SysVars.obs)
107  GetMaintenance                                     isrt.obl(SysVars.obs)
108  GetMultiInstanceCount                              isrt.obl(SysVars.obs)
109  GetOpenFileMode                                    isrt.obl(Files.obs)
110  GetPackageLocation                                 isrt.obl(SysVars.obs)
111  GetProductGUID                                     isrt.obl(SysVars.obs)
112  GetProfString                                      isrt.obl(Profile.obs)
113  GetProgramFiles                                    isrt.obl(SysVars.obs)
114  GetReinstallMode                                   isrt.obl(SysVars.obs)
115  GetRemoveAllMode                                   isrt.obl(SysVars.obs)
116  GetRemoveOnly                                      isrt.obl(SysVars.obs)
117  GetSelectedTreeComponent                           isrt.obl(CmptView.obs)
118  GetShowPasswordDialog                              isrt.obl(SysVars.obs)
119  GetStandardSelectedLanguage                        isrt.obl(SysVars.obs)
120  GetSupportDir                                      isrt.obl(SysVars.obs)
121  GetSystemInfo                                      isrt.obl(GSI.obs)
122  GetTempFolder                                      isrt.obl(SysVars.obs)
123  GetTrueTypeFontFileInfo                            isrt.obl(Misc.obs)
124  GetUserSelectableAuto                              isrt.obl(SysVars.obs)
125  GetWinDir                                          isrt.obl(SysVars.obs)
126  GetWinSysDir                                       isrt.obl(SysVars.obs)
127  GetWindowHandle                                    isrt.obl(Misc.obs)
128  HIWORD                                             isrt.obl(Misc.obs)
129  ISDeterminePlatform                                isrt.obl(OsInfo.obs)
130  ISMIF32.InstallStatusMIF                           isrt.obl(MIF.obs)
131  ISRT.ComponentViewSetInfoEx                        isrt.obl(Dialogs.obs)
132  ISRT.EnableHourGlass                               isrt.obl(Enable.obs)
133  ISRT.GetCPUType                                    isrt.obl(GSI.obs)
134  ISRT.GetFontSub                                    isrt.obl(Dialogs.obs)
135  ISRT.GetHandle                                     Setup.obs
136  ISRT.GetPorts                                      isrt.obl(GSI.obs)
137  ISRT.IsEmpty                                       Setup.obs
138  ISRT.IsNTAdmin                                     isrt.obl(Is.obs)
139  ISRT.IsObject                                      Setup.obs
140  ISRT.IsPowerUser                                   isrt.obl(Is.obs)
141  ISRT.LangLoadString                                isrt.obl(SDINT.obs)
142  ISRT.MessageBeepP                                  Setup.obs
143  ISRT.PathCompactPathPixel                          isrt.obl(CustomDialog.obs)
144  ISRT.PathGetDir                                    isrt.obl(Str.obs)
145  ISRT.PathGetDrive                                  isrt.obl(Str.obs)
146  ISRT.PathGetFile                                   isrt.obl(Files.obs)
147  ISRT.PathGetFileExt                                isrt.obl(Str.obs)
148  ISRT.PathGetFileName                               isrt.obl(Str.obs)
149  ISRT.PathGetPath                                   isrt.obl(Str.obs)
150  ISRT.PathIsValidSyntax                             isrt.obl(Is.obs)
151  ISRT.VerGetFileVersion                             Setup.obs
152  ISRT._AppSearch                                    Setup.obs
153  ISRT._BrowseForFolder                              isrt.obl(ISRTScriptDialogsPriv.obs)
154  ISRT._CCPSearch                                    Setup.obs
155  ISRT._CleanupInet                                  isrt.obl(MIO.obs)
156  ISRT._CloseFile                                    isrt.obl(Files.obs)
157  ISRT._CmdGetHwndDlg                                isrt.obl(CustomDialog.obs)
158  ISRT._ComponentCompareSizeRequired                 isrt.obl(Feature.obs)
159  ISRT._ComponentErrorInfo                           isrt.obl(Feature.obs)
160  ISRT._ComponentFilterLanguage                      isrt.obl(Feature.obs)
161  ISRT._ComponentFilterOS                            isrt.obl(Feature.obs)
162  ISRT._ComponentGetData                             isrt.obl(Feature.obs)
163  ISRT._ComponentGetTotalCost                        isrt.obl(Feature.obs)
164  ISRT._ComponentGetTotalCostEx                      Setup.obs
165  ISRT._ComponentIsItemSelected                      isrt.obl(Feature.obs)
166  ISRT._ComponentListItems                           isrt.obl(Feature.obs)
167  ISRT._ComponentPatch                               isrt.obl(Feature.obs)
168  ISRT._ComponentReinstall                           isrt.obl(Feature.obs)
169  ISRT._ComponentRemoveAll                           isrt.obl(Feature.obs)
170  ISRT._ComponentRemoveAllInLogOnly                  isrt.obl(Feature.obs)
171  ISRT._ComponentSaveTarget                          isrt.obl(Feature.obs)
172  ISRT._ComponentSelectItem                          isrt.obl(Feature.obs)
173  ISRT._ComponentSelectNew                           isrt.obl(Feature.obs)
174  ISRT._ComponentSetupTypeSet                        isrt.obl(Feature.obs)
175  ISRT._ComponentTransferData                        isrt.obl(Feature.obs)
176  ISRT._ComponentUpdate                              isrt.obl(Feature.obs)
177  ISRT._ComponentValidate                            isrt.obl(Feature.obs)
178  ISRT._CreateDir                                    isrt.obl(Files.obs)
179  ISRT._CreateRegistrySet                            isrt.obl(Feature.obs)
180  ISRT._CtrlGetNotificationCode                      isrt.obl(CustomDialog.obs)
181  ISRT._CtrlGetSubCommand                            isrt.obl(CustomDialog.obs)
182  ISRT._CtrlSetHtmlContent                           isrt.obl(CustomDialog.obs)
183  ISRT._CtrlSetMLERichText                           isrt.obl(CustomDialog.obs)
184  ISRT._DIFxDriverPackageUninstall                   isrt.obl(ISDIFx.obs)
185  ISRT._DefineDialog                                 isrt.obl(CustomDialog.obs)
186  ISRT._DialogSetFont                                isrt.obl(Dialogs.obs)
187  ISRT._DisableStatus                                isrt.obl(Enable.obs)
188  ISRT._DoSprintf                                    isrt.obl(ISRTScriptDialogsPriv.obs)
189  ISRT._EnableDialogCache                            isrt.obl(Enable.obs)
190  ISRT._EnablePrevDialog                             Setup.obs
191  ISRT._EnableSkins                                  isrt.obl(Enable.obs)
192  ISRT._EnableStatus                                 isrt.obl(Enable.obs)
193  ISRT._EnableWow64FsRedirection                     isrt.obl(Enable.obs)
194  ISRT._EndDialog                                    isrt.obl(CustomDialog.obs)
195  ISRT._ExistsDir                                    isrt.obl(Files.obs)
196  ISRT._ExistsDisk                                   isrt.obl(Files.obs)
197  ISRT._ExistsFile                                   isrt.obl(Files.obs)
198  ISRT._ExitInstall                                  Setup.obs
199  ISRT._GetCurrentDialogName                         isrt.obl(Dialogs.obs)
200  ISRT._GetDiskSpaceEx                               isrt.obl(GSI.obs)
201  ISRT._GetDiskSpaceExEx                             Setup.obs
202  ISRT._GetGlobalMemorySize                          isrt.obl(GSI.obs)
203  ISRT._GetProcessorInfo                             isrt.obl(OsInfo.obs)
204  ISRT._GetSelectedTreeComponent                     isrt.obl(CmptView.obs)
205  ISRT._GetStandardLangId                            isrt.obl(Misc.obs)
206  ISRT._GetSupportDir                                isrt.obl(SysVars.obs)
207  ISRT._GetTrueTypeFontFileInfo                      isrt.obl(Misc.obs)
208  ISRT._GetVirtualMachineType                        isrt.obl(GSI.obs)
209  ISRT._InetEndofTransfer                            isrt.obl(iftw.obs)
210  ISRT._InetGetNextDisk                              isrt.obl(iftw.obs)
211  ISRT._InitInstall                                  Setup.obs
212  ISRT._IsFontTypefaceNameAvailable                  isrt.obl(Is.obs)
213  ISRT._IsInAdminGroup                               isrt.obl(Is.obs)
214  ISRT._IsLangSupported                              isrt.obl(Is.obs)
215  ISRT._IsSkinLoaded                                 isrt.obl(Is.obs)
216  ISRT._IsVirtualMachine                             isrt.obl(OsInfo.obs)
217  ISRT._IsWindowsME                                  isrt.obl(GSI.obs)
218  ISRT._IsWow64                                      isrt.obl(OsInfo.obs)
219  ISRT._ListAddItem                                  isrt.obl(scrlist.obs)
220  ISRT._ListAddString                                isrt.obl(scrlist.obs)
221  ISRT._ListCount                                    isrt.obl(scrlist.obs)
222  ISRT._ListCreate                                   isrt.obl(scrlist.obs)
223  ISRT._ListCurrentString                            isrt.obl(scrlist.obs)
224  ISRT._ListDeleteItem                               isrt.obl(scrlist.obs)
225  ISRT._ListDeleteString                             isrt.obl(scrlist.obs)
226  ISRT._ListDestroy                                  isrt.obl(scrlist.obs)
227  ISRT._ListFindString                               isrt.obl(scrlist.obs)
228  ISRT._ListGetFirstItem                             isrt.obl(scrlist.obs)
229  ISRT._ListGetFirstString                           isrt.obl(scrlist.obs)
230  ISRT._ListGetNextItem                              isrt.obl(scrlist.obs)
231  ISRT._ListGetNextString                            isrt.obl(scrlist.obs)
232  ISRT._ListGetType                                  isrt.obl(scrlist.obs)
233  ISRT._ListReadFromFile                             isrt.obl(scrlist.obs)
234  ISRT._ListSetIndex                                 isrt.obl(scrlist.obs)
235  ISRT._MediaGetFilteringInfo                        isrt.obl(Feature.obs)
236  ISRT._MediaGetInfo                                 isrt.obl(Feature.obs)
237  ISRT._OnUninstPriv                                 Setup.obs
238  ISRT._OpenFile                                     isrt.obl(Files.obs)
239  ISRT._Preprogram                                   Setup.obs
240  ISRT._PrintFile                                    isrt.obl(Files.obs)
241  ISRT._Rebooted                                     Setup.obs
242  ISRT._RegCreateKey                                 isrt.obl(Registry.obs)
243  ISRT._RegDeleteValue                               isrt.obl(Registry.obs)
244  ISRT._RegEnableTextSubs                            isrt.obl(Enable.obs)
245  ISRT._RegGetOptions                                isrt.obl(SysVars.obs)
246  ISRT._RegIsRemoteRegConnected                      isrt.obl(Is.obs)
247  ISRT._RegQueryKeyBinaryValue                       isrt.obl(Registry.obs)
248  ISRT._RegQueryKeyValue                             isrt.obl(Registry.obs)
249  ISRT._RegSetKeyBinaryValue                         isrt.obl(Registry.obs)
250  ISRT._RegSetKeyValue                               isrt.obl(Registry.obs)
251  ISRT._RegSetOptions                                isrt.obl(SysVars.obs)
252  ISRT._ReleaseDialog                                isrt.obl(CustomDialog.obs)
253  ISRT._SdShowMsg                                    isrt.obl(ISRTScriptDialogsPriv.obs)
254  ISRT._SetAltMainImage                              isrt.obl(Dialogs.obs)
255  ISRT._SetDisplayEffect                             isrt.obl(ui.obs)
256  ISRT._SetPaletteFile                               isrt.obl(MIO.obs)
257  ISRT._SetSilentSdShowMsg                           isrt.obl(Enable.obs)
258  ISRT._SetTitle                                     isrt.obl(ui.obs)
259  ISRT._SetupInet                                    isrt.obl(MIO.obs)
260  ISRT._SetupTraceWrite                              isrt.obl(Misc.obs)
261  ISRT._ShowObjWizardPages                           isrt.obl(Objects.obs)
262  ISRT._ShowWizardPages                              Setup.obs
263  ISRT._StatusUpdate                                 isrt.obl(ui.obs)
264  ISRT._TreeViewCreate                               isrt.obl(CmptView.obs)
265  ISRT._WaitOnDialog                                 isrt.obl(CustomDialog.obs)
266  ISRT._WriteLine                                    isrt.obl(Files.obs)
267  ISRT.__CreateObjectContext                         isrt.obl(ISRTInit.obs)
268  ISRT.__GetCmdLineOptions                           isrt.obl(ISRTInit.obs)
269  ISRT.__GetContextGUID                              isrt.obl(ISRTInit.obs)
270  ISRT.__GetEnabledIServices                         isrt.obl(SysVars.obs)
271  ISRT.__GetFileRegistrar                            isrt.obl(ISRTInit.obs)
272  ISRT.__GetInfo                                     isrt.obl(ISRTInit.obs)
273  ISRT.__GetInstallGuid                              isrt.obl(SysVars.obs)
274  ISRT.__GetLog                                      isrt.obl(SysVars.obs)
275  ISRT.__GetLogDB                                    isrt.obl(ISRTInit.obs)
276  ISRT.__GetLogEx                                    isrt.obl(SysVars.obs)
277  ISRT.__GetMainWindow                               Setup.obs
278  ISRT.__GetMaintOption                              isrt.obl(SysVars.obs)
279  ISRT.__GetMaintenanceMode                          isrt.obl(SysVars.obs)
280  ISRT.__GetObjects                                  isrt.obl(ISRTInit.obs)
281  ISRT.__GetProductGuid                              isrt.obl(SysVars.obs)
282  ISRT.__GetProgress                                 Setup.obs
283  ISRT.__GetReboot                                   isrt.obl(ISRTInit.obs)
284  ISRT.__GetReinstallMode                            isrt.obl(SysVars.obs)
285  ISRT.__GetRemoveAllMode                            isrt.obl(SysVars.obs)
286  ISRT.__GetTextSub                                  isrt.obl(ISRTInit.obs)
287  ISRT.__GetUpdateMode                               isrt.obl(SysVars.obs)
288  ISRT.__GetUser                                     isrt.obl(MIO.obs)
289  ISRT.__ISRTGetPropertyBag                          ifx.obl(PersistPropertyBag.obs)
290  ISRT.__ISRTReleasePropertyBag                      ifx.obl(PersistPropertyBag.obs)
291  ISRT.__LoadString                                  isrt.obl(LoadStr.obs)
292  ISRT.__PutEnabledIServices                         isrt.obl(Enable.obs)
293  ISRT.__ReleaseObjectContext                        isrt.obl(ISRTInit.obs)
294  ISRT.__RestoreMainLog                              isrt.obl(ISRTInit.obs)
295  ISRT.__RestoreMainLogEx                            isrt.obl(ISRTInit.obs)
296  ISRT.__SetComponentLog                             isrt.obl(ISRTInit.obs)
297  ISRT.__SetUpdateMode                               isrt.obl(SysVars.obs)
298  ISRTHandleScriptException                          isrt.obl(Misc.obs)
299  ISRTOnUninstPriv                                   isrt.obl(Driver.obs)
300  ISRTPreprogram                                     isrt.obl(Driver.obs)
301  IfxFilterComponents                                ifx.obl(EventsSetupPriv.obs)
302  IfxFinalConstruct                                  ifx.obl(EventsSetupPriv.obs)
303  IfxFinalRelease                                    ifx.obl(EventsSetupPriv.obs)
304  IfxInitProperties                                  ifx.obl(PersistPropertyBag.obs)
305  IfxOnAbortInstall                                  ifx.obl(EventsPriv.obs)
306  IfxOnAppSearch                                     ifx.obl(EventsPriv.obs)
307  IfxOnCCPSearch                                     ifx.obl(EventsPriv.obs)
308  IfxOnCanceling                                     ifx.obl(EventsPriv.obs)
309  IfxOnDisk1Installed                                ifx.obl(EventsSetupPriv.obs)
310  IfxOnDisk1Installing                               ifx.obl(EventsSetupPriv.obs)
311  IfxOnExitInstall                                   ifx.obl(EventsSetupPriv.obs)
312  IfxOnFileError                                     ifx.obl(EventsSetupPriv.obs)
313  IfxOnFileLocked                                    ifx.obl(EventsSetupPriv.obs)
314  IfxOnFileReadOnly                                  ifx.obl(EventsSetupPriv.obs)
315  IfxOnGeneralScriptOp                               ifx.obl(EventsPriv.obs)
316  IfxOnHelp                                          ifx.obl(EventsPriv.obs)
317  IfxOnInitInstall                                   ifx.obl(EventsSetupPriv.obs)
318  IfxOnInternetError                                 ifx.obl(EventsSetupPriv.obs)
319  IfxOnMD5Error                                      ifx.obl(EventsSetupPriv.obs)
320  IfxOnNextDisk                                      ifx.obl(EventsSetupPriv.obs)
321  IfxOnRebooted                                      ifx.obl(EventsPriv.obs)
322  IfxOnRemovingSharedFile                            ifx.obl(EventsSetupPriv.obs)
323  IfxOnShowWizardPages                               ifx.obl(EventsSetupPriv.obs)
324  IfxOnTransferred                                   ifx.obl(EventsPriv.obs)
325  IfxOnTransferring                                  ifx.obl(EventsSetupPriv.obs)
326  IfxOnUnhandledException                            ifx.obl(EventsPriv.obs)
327  IfxOnUninst                                        ifx.obl(EventsSetupPriv.obs)
328  IfxOnUninstPriv                                    ifx.obl(EventsSetupPriv.obs)
329  IfxPostprogram                                     ifx.obl(EventsSetupPriv.obs)
330  IfxPreprogram                                      ifx.obl(EventsSetupPriv.obs)
331  IfxReadProperties                                  ifx.obl(PersistPropertyBag.obs)
332  IfxRunAfterReboot                                  ifx.obl(EventsSetupPriv.obs)
333  IfxWriteProperties                                 ifx.obl(PersistPropertyBag.obs)
334  InetEndofTransfer                                  isrt.obl(iftw.obs)
335  InetNextDisk                                       isrt.obl(iftw.obs)
336  InitInstall                                        isrt.obl(Driver.obs)
337  InitProperties                                     ifx.obl(PersistPropertyBag.obs)
338  Is                                                 isrt.obl(Is.obs)
339  IsInetInstall                                      isrt.obl(iftw.obs)
340  KERNEL.GetModuleHandle                             Setup.obs
341  KERNEL32.CloseHandle                               Setup.obs
342  KERNEL32.CreateFileA                               Setup.obs
343  KERNEL32.DeleteFileA                               Setup.obs
344  KERNEL32.FindClose                                 Setup.obs
345  KERNEL32.FindFirstFileA                            Setup.obs
346  KERNEL32.FindNextFileA                             Setup.obs
347  KERNEL32.FormatMessageA                            Setup.obs
348  KERNEL32.FreeLibrary                               Setup.obs
349  KERNEL32.GetCurrentDirectoryA                      Setup.obs
350  KERNEL32.GetDriveType                              Setup.obs
351  KERNEL32.GetFileAttributesA                        Setup.obs
352  KERNEL32.GetLocalTime                              Setup.obs
353  KERNEL32.GetLocaleInfo                             Setup.obs
354  KERNEL32.GetPrivateProfileString                   Setup.obs
355  KERNEL32.GetPrivateProfileStringA                  Setup.obs
356  KERNEL32.GetProcAddress                            Setup.obs
357  KERNEL32.GetProfileStringA                         Setup.obs
358  KERNEL32.GetSystemDefaultLCID                      Setup.obs
359  KERNEL32.GetSystemDefaultLangID                    Setup.obs
360  KERNEL32.GetSystemDefaultUILanguage                Setup.obs
361  KERNEL32.GetTickCount                              Setup.obs
362  KERNEL32.GetUserDefaultLangID                      Setup.obs
363  KERNEL32.GetVersion                                Setup.obs
364  KERNEL32.GetVersionEx                              Setup.obs
365  KERNEL32.GetVolumeInformation                      Setup.obs
366  KERNEL32.GetWindowsDirectory                       Setup.obs
367  KERNEL32.LoadLibraryA                              Setup.obs
368  KERNEL32.SetCurrentDirectoryA                      Setup.obs
369  KERNEL32.SetFileAttributesA                        Setup.obs
370  KERNEL32.Sleep                                     Setup.obs
371  KERNEL32.WritePrivateProfileString                 Setup.obs
372  KERNEL32.WritePrivateProfileStringA                Setup.obs
373  KERNEL32.WriteProfileStringA                       Setup.obs
374  KERNEL32.lstrlen                                   Setup.obs
375  LOWORD                                             isrt.obl(Misc.obs)
376  LaunchAppAndWaitInitStartupInfo                    isrt.obl(Extend.obs)
377  LaunchApplicationInit                              isrt.obl(Extend.obs)
378  ListAddItem                                        isrt.obl(scrlist.obs)
379  ListAddString                                      isrt.obl(scrlist.obs)
380  ListCount                                          isrt.obl(scrlist.obs)
381  ListCreate                                         isrt.obl(scrlist.obs)
382  ListCurrentString                                  isrt.obl(scrlist.obs)
383  ListDeleteItem                                     isrt.obl(scrlist.obs)
384  ListDeleteString                                   isrt.obl(scrlist.obs)
385  ListDestroy                                        isrt.obl(scrlist.obs)
386  ListFindString                                     isrt.obl(scrlist.obs)
387  ListGetFirstItem                                   isrt.obl(scrlist.obs)
388  ListGetFirstString                                 isrt.obl(scrlist.obs)
389  ListGetNextItem                                    isrt.obl(scrlist.obs)
390  ListGetNextString                                  isrt.obl(scrlist.obs)
391  ListGetType                                        isrt.obl(scrlist.obs)
392  ListReadFromFile                                   isrt.obl(scrlist.obs)
393  ListSetIndex                                       isrt.obl(scrlist.obs)
394  ListValid                                          isrt.obl(scrlist.obs)
395  ListValidType                                      isrt.obl(scrlist.obs)
396  LoadStringFromStringTable                          isrt.obl(Str.obs)
397  LogReadCustomString                                isrt.obl(Misc.obs)
398  LogReadCustomVariant                               isrt.obl(Misc.obs)
399  LogWriteCustomString                               isrt.obl(Misc.obs)
400  LogWriteCustomVariant                              isrt.obl(Misc.obs)
401  LongPathToQuote                                    isrt.obl(Str.obs)
402  MAKELONG                                           isrt.obl(Misc.obs)
403  MIFCreateMIFFile                                   isrt.obl(MIF.obs)
404  MIFDeleteMIFFile                                   isrt.obl(MIF.obs)
405  MIFInitialize                                      isrt.obl(MIF.obs)
406  MIFSetInformation                                  isrt.obl(MIF.obs)
407  MIFUnInitialize                                    isrt.obl(MIF.obs)
408  MIFWasSetInformationCalled                         isrt.obl(MIF.obs)
409  MIOShutdown                                        isrt.obl(MIO.obs)
410  MIOStartup                                         isrt.obl(MIO.obs)
411  MaintenanceStart                                   isrt.obl(Registry.obs)
412  MediaGetData                                       isrt.obl(Feature.obs)
413  MediaGetDataEx                                     isrt.obl(Feature.obs)
414  MessageBeep                                        isrt.obl(Misc.obs)
415  MessageBox                                         isrt.obl(ISRTScriptDialogsPriv.obs)
416  MessageBoxEx                                       isrt.obl(ISRTScriptDialogsPriv.obs)
417  OnAbort                                            ifx.obl(EventsSetup.obs)
418  OnAppSearch                                        ifx.obl(EventsSetup.obs)
419  OnBegin                                            ifx.obl(EventsSetup.obs)
420  OnCCPSearch                                        ifx.obl(EventsSetup.obs)
421  OnCanceling                                        ifx.obl(EventsSetup.obs)
422  OnCheckMediaPassword                               ifx.obl(EventsSetup.obs)
423  OnComponentError                                   ifx.obl(EventsSetup.obs)
424  OnCustomizeUninstInfo                              ifx.obl(EventsSetup.obs)
425  OnDIFxLogCallback                                  ifx.obl(EventsSetup.obs)
426  OnDIFxLogCallbackImpl                              isrt.obl(ISDIFx.obs)
427  OnEnd                                              ifx.obl(EventsSetup.obs)
428  OnFileError                                        ifx.obl(EventsSetup.obs)
429  OnFileLocked                                       ifx.obl(EventsSetup.obs)
430  OnFileReadOnly                                     ifx.obl(EventsSetup.obs)
431  OnFilterComponents                                 ifx.obl(EventsSetup.obs)
432  OnFirstUIAfter                                     ifx.obl(EventsSetup.obs)
433  OnFirstUIBefore                                    ifx.obl(EventsSetup.obs)
434  OnHelp                                             ifx.obl(EventsSetup.obs)
435  OnIISAppPoolUninstalling                           ifx.obl(EventsPriv.obs)
436  OnIISCheckRequirements                             ifx.obl(EventsPriv.obs)
437  OnIISComponentInstalled                            ifx.obl(EventsPriv.obs)
438  OnIISInitialize                                    ifx.obl(EventsPriv.obs)
439  OnIISUninitialize                                  ifx.obl(EventsPriv.obs)
440  OnIISVRootUninstalling                             ifx.obl(EventsPriv.obs)
441  OnIISWebServiceExtensionUninstalling               ifx.obl(EventsPriv.obs)
442  OnIISWebSiteUninstalling                           ifx.obl(EventsPriv.obs)
443  OnInstallDRMService                                isrt.obl(Activation.obs)
444  OnInstalledFile                                    ifx.obl(EventsSetup.obs)
445  OnInstalledFontFile                                ifx.obl(EventsSetup.obs)
446  OnInstallingFile                                   ifx.obl(EventsSetup.obs)
447  OnInternetError                                    ifx.obl(EventsSetup.obs)
448  OnLaunchAppAndWaitCallback                         ifx.obl(EventsSetup.obs)
449  OnMD5Error                                         ifx.obl(EventsSetup.obs)
450  OnMaintUIAfter                                     ifx.obl(EventsSetup.obs)
451  OnMaintUIBefore                                    ifx.obl(EventsSetup.obs)
452  OnMoveData                                         ifx.obl(EventsSetup.obs)
453  OnMoved                                            ifx.obl(EventsSetup.obs)
454  OnMoving                                           ifx.obl(EventsSetup.obs)
455  OnNetApiCreateUserAccount                          ifx.obl(EventsSetup.obs)
456  OnNetApiCreateUserAccountInternal                  isrt.obl(NetApiRT.obs)
457  OnNextDisk                                         ifx.obl(EventsSetup.obs)
458  OnRebooted                                         ifx.obl(EventsSetup.obs)
459  OnRemovingSharedFile                               ifx.obl(EventsSetup.obs)
460  OnSQLBatchScripts                                  ifx.obl(EventsPriv.obs)
461  OnSQLComponentInstalled                            ifx.obl(EventsPriv.obs)
462  OnSQLComponentUninstalled                          ifx.obl(EventsPriv.obs)
463  OnSQLServerInitialize                              ifx.obl(EventsPriv.obs)
464  OnSQLServerInitializeMaint                         ifx.obl(EventsPriv.obs)
465  OnSelfRegistrationError                            ifx.obl(EventsSetup.obs)
466  OnSetTARGETDIR                                     ifx.obl(EventsSetup.obs)
467  OnSetUpdateMode                                    ifx.obl(EventsSetup.obs)
468  OnShowUI                                           ifx.obl(EventsSetup.obs)
469  OnUnInstallDRMService                              isrt.obl(Activation.obs)
470  OnUnhandledException                               ifx.obl(EventsPriv.obs)
471  OnUninstall                                        ifx.obl(EventsSetup.obs)
472  OnUninstalledFile                                  ifx.obl(EventsSetup.obs)
473  OnUninstallingDIFxDriverFile                       ifx.obl(EventsSetup.obs)
474  OnUninstallingFile                                 ifx.obl(EventsSetup.obs)
475  OnUninstallingFontFile                             ifx.obl(EventsSetup.obs)
476  OnUpdateUIAfter                                    ifx.obl(EventsSetup.obs)
477  OnUpdateUIBefore                                   ifx.obl(EventsSetup.obs)
478  OnXMLComponentInstalled                            ifx.obl(EventsPriv.obs)
479  OnXMLComponentUninstalling                         ifx.obl(EventsPriv.obs)
480  OnXMLInitialize                                    ifx.obl(EventsPriv.obs)
481  OnXMLUninitialize                                  ifx.obl(EventsPriv.obs)
482  OpenFileMode                                       isrt.obl(Files.obs)
483  ParsePath                                          isrt.obl(Str.obs)
484  Postprogram                                        ifx.obl(EventsSetupPriv.obs)
485  Preprogram                                         ifx.obl(EventsSetupPriv.obs)
486  PrintFile                                          isrt.obl(Files.obs)
487  PthFixPath                                         isrt.obl(Pth.obs)
488  PthIsAbsPath                                       isrt.obl(Pth.obs)
489  ReadProperties                                     ifx.obl(PersistPropertyBag.obs)
490  Rebooted                                           isrt.obl(Driver.obs)
491  RegDBDeleteItem                                    isrt.obl(Registry.obs)
492  RegDBDeleteValue                                   isrt.obl(Registry.obs)
493  RegDBDeleteValueEx                                 isrt.obl(Registry.obs)
494  RegDBDeleteValueEx32                               isrt.obl(Registry.obs)
495  RegDBGetItem                                       isrt.obl(Registry.obs)
496  RegDBGetKeyValueEx                                 isrt.obl(Registry.obs)
497  RegDBQueryValue                                    isrt.obl(Registry.obs)
498  RegDBQueryValue32                                  isrt.obl(Registry.obs)
499  RegDBSetItem                                       isrt.obl(Registry.obs)
500  RegDBSetKeyValueEx                                 isrt.obl(Registry.obs)
501  RegDBSetValue                                      isrt.obl(Registry.obs)
502  RegDBSetValue32                                    isrt.obl(Registry.obs)
503  RegDBSetVersion                                    isrt.obl(Registry.obs)
504  RegisterFontResource                               isrt.obl(Misc.obs)
505  ReleaseDialog                                      isrt.obl(CustomDialog.obs)
506  SdAskDestPath2                                     isrt.obl(ISRTScriptDialogs.obs)
507  SdCloseDlg                                         isrt.obl(SDINT.obs)
508  SdComponentDlgCheckSpace                           isrt.obl(SDINT.obs)
509  SdDlgToTop                                         isrt.obl(SDINT.obs)
510  SdDoStdButton                                      isrt.obl(SDINT.obs)
511  SdEnablement                                       isrt.obl(SDINT.obs)
512  SdError                                            isrt.obl(SDINT.obs)
513  SdExceptionsInit                                   isrt.obl(ISRTScriptDialogsPriv.obs)
514  SdFeatureTree                                      isrt.obl(ISRTScriptDialogs.obs)
515  SdFinish                                           isrt.obl(ISRTScriptDialogs.obs)
516  SdFinishReboot                                     isrt.obl(ISRTScriptDialogs.obs)
517  SdGeneralInit                                      isrt.obl(SDINT.obs)
518  SdInit                                             isrt.obl(SDINT.obs)
519  SdIsStdButton                                      isrt.obl(SDINT.obs)
520  SdLicense2Ex                                       isrt.obl(ISRTScriptDialogs.obs)
521  SdLoadString                                       isrt.obl(SDINT.obs)
522  SdMakeName                                         isrt.obl(SDINT.obs)
523  SdPlugInProductName                                isrt.obl(SDINT.obs)
524  SdRegisterUser                                     isrt.obl(ISRTScriptDialogs.obs)
525  SdSetDlgTitle                                      isrt.obl(SDINT.obs)
526  SdSetStatic                                        isrt.obl(SDINT.obs)
527  SdShowMsg                                          isrt.obl(ISRTScriptDialogsPriv.obs)
528  SdStartCopy2                                       isrt.obl(ISRTScriptDialogs.obs)
529  SdSubstituteProductInfo                            isrt.obl(SDINT.obs)
530  SdUnInit                                           isrt.obl(SDINT.obs)
531  SdWelcome                                          isrt.obl(ISRTScriptDialogs.obs)
532  SdWelcomeMaint                                     isrt.obl(ISRTScriptDialogs.obs)
533  SelectDir                                          isrt.obl(ISRTScriptDialogsPriv.obs)
534  SelectDirNoLog                                     isrt.obl(ISRTScriptDialogsPriv.obs)
535  SendMessage                                        isrt.obl(Misc.obs)
536  ServiceInitParams                                  isrt.obl(Service.obs)
537  SetCmdLine                                         isrt.obl(SysVars.obs)
538  SetDialogTitle                                     isrt.obl(Dialogs.obs)
539  SetDisplayEffect                                   isrt.obl(ui.obs)
540  SetExtendedErrInfo                                 isrt.obl(IsUtil.obs)
541  SetStatus                                          ifx.obl(EventsSetupPriv.obs)
542  SetStatusEx                                        ifx.obl(EventsSetupPriv.obs)
543  SetStatusExStaticText                              isrt.obl(ui.obs)
544  SetStatusWindow                                    isrt.obl(ui.obs)
545  SetTitle                                           isrt.obl(ui.obs)
546  SetupTraceWrite                                    isrt.obl(Misc.obs)
547  SetupType2                                         isrt.obl(ISRTScriptDialogs.obs)
548  ShowObjWizardPages                                 isrt.obl(Objects.obs)
549  ShowWizardPages                                    isrt.obl(Driver.obs)
550  SilentCreateFile                                   isrt.obl(Silent.obs)
551  SilentDoGeneralInfo                                isrt.obl(Silent.obs)
552  SilentFailed                                       isrt.obl(Silent.obs)
553  SilentFinish                                       isrt.obl(Silent.obs)
554  SilentInit                                         isrt.obl(Silent.obs)
555  SilentLogWriteData                                 isrt.obl(Silent.obs)
556  SilentReadData                                     isrt.obl(Silent.obs)
557  SilentSetInfo                                      isrt.obl(Silent.obs)
558  SilentSetMode                                      isrt.obl(Silent.obs)
559  SilentWriteData                                    isrt.obl(Silent.obs)
560  Sprintf                                            isrt.obl(Str.obs)
561  SprintfBox                                         isrt.obl(ISRTScriptDialogsPriv.obs)
562  StatusUpdate                                       isrt.obl(ui.obs)
563  StrAddLastSlash                                    isrt.obl(Str.obs)
564  StrConvertSizeUnit                                 isrt.obl(Str.obs)
565  StrFindEx                                          isrt.obl(Str.obs)
566  StrGetTokens                                       isrt.obl(Str.obs)
567  StrLength                                          isrt.obl(Str.obs)
568  StrRemoveLastSlash                                 isrt.obl(Str.obs)
569  StrReplace                                         isrt.obl(Str.obs)
570  StrToNumHex                                        isrt.obl(Str.obs)
571  StrToUpper                                         isrt.obl(Str.obs)
572  StrTrim                                            isrt.obl(Str.obs)
573  SysVarsInit                                        isrt.obl(SysVars.obs)
574  SysVarsTrace                                       isrt.obl(SysVars.obs)
575  SysVarsUnInit                                      isrt.obl(SysVars.obs)
576  System                                             isrt.obl(Misc.obs)
577  SystemRestoreCancelRestorePointIS                  isrt.obl(PCRestore.obs)
578  SystemRestoreCloseRestorePointIS                   isrt.obl(PCRestore.obs)
579  SystemRestoreDisableIS                             isrt.obl(PCRestore.obs)
580  SystemRestoreIsEnabledIS                           isrt.obl(PCRestore.obs)
581  SystemRestoreOpenRestorePointIS                    isrt.obl(PCRestore.obs)
582  TextSubGetValue                                    isrt.obl(TextSub.obs)
583  TextSubParseTextSub                                isrt.obl(TextSub.obs)
584  TextSubSetValue                                    isrt.obl(TextSub.obs)
585  TextSubSubstitute                                  isrt.obl(TextSub.obs)
586  TreeViewCreate                                     isrt.obl(CmptView.obs)
587  USER.EnableWindow                                  Setup.obs
588  USER.GetClassName                                  Setup.obs
589  USER.GetDC                                         Setup.obs
590  USER.GetDlgItem                                    Setup.obs
591  USER.GetFocus                                      Setup.obs
592  USER.GetWindowLong                                 Setup.obs
593  USER.GetWindowRect                                 Setup.obs
594  USER.IsIconic                                      Setup.obs
595  USER.IsWindow                                      Setup.obs
596  USER.PostMessage                                   Setup.obs
597  USER.ReleaseDC                                     Setup.obs
598  USER.SendMessageA                                  Setup.obs
599  USER.SetFocus                                      Setup.obs
600  USER.SetWindowPos                                  Setup.obs
601  USER.SetWindowText                                 Setup.obs
602  USER.ShowWindow                                    Setup.obs
603  USER32.CharUpperBuffA                              Setup.obs
604  USER32.DispatchMessage                             Setup.obs
605  USER32.GetDesktopWindow                            Setup.obs
606  USER32.GetSystemMetrics                            Setup.obs
607  USER32.GetWindowText                               Setup.obs
608  USER32.GetWindowTextLength                         Setup.obs
609  USER32.IsWindowVisible                             Setup.obs
610  USER32.MessageBoxA                                 Setup.obs
611  USER32.PeekMessageA                                Setup.obs
612  USER32.SendMessageA                                Setup.obs
613  USER32.SetForegroundWindow                         Setup.obs
614  USER32.SetWindowLong                               Setup.obs
615  USER32.SetWindowRgn                                Setup.obs
616  USER32.TranslateMessage                            Setup.obs
617  UpdateServiceEnableUpdateService                   isrt.obl(ISUpdateService.obs)
618  VarInit                                            isrt.obl(SysVars.obs)
619  VarRestore                                         isrt.obl(SysVars.obs)
620  VarRestoreISRT                                     isrt.obl(SysVars.obs)
621  VarSave                                            isrt.obl(SysVars.obs)
622  VarSaveISRT                                        isrt.obl(SysVars.obs)
623  VerCompare                                         isrt.obl(version.obs)
624  VerProductCompareVersions                          isrt.obl(version.obs)
625  VerProductGetInstalledVersion                      isrt.obl(version.obs)
626  VerProductIsVersionSupported                       isrt.obl(version.obs)
627  VerProductNumToStr                                 isrt.obl(version.obs)
628  VerProductStrToNum                                 isrt.obl(version.obs)
629  VerProductVerFromVerParts                          isrt.obl(version.obs)
630  VerProductVerPartsFromVer                          isrt.obl(version.obs)
631  WaitOnDialog                                       isrt.obl(CustomDialog.obs)
632  WizardDirection                                    ifx.obl(EventsSetupPriv.obs)
633  WriteLine                                          isrt.obl(Files.obs)
634  WriteProfInt                                       isrt.obl(Profile.obs)
635  WriteProfString                                    isrt.obl(Profile.obs)
636  WriteProperties                                    ifx.obl(PersistPropertyBag.obs)
637  __ISRTDoExit                                       isrt.obl(Misc.obs)
638  __ISRTInit                                         isrt.obl(ISRTInit.obs)
639  __ISRTRestoreMainLog                               isrt.obl(ISRTInit.obs)
640  __ISRTRestoreMainLogEx                             isrt.obl(ISRTInit.obs)
641  __ISRTSetComponentLog                              isrt.obl(ISRTInit.obs)
642  __ISRTUnInit                                       isrt.obl(ISRTInit.obs)
643  __LoadIScriptString                                isrt.obl(LoadStr.obs)
644  program                                            ifx.obl(EventsSetupPriv.obs)
645  sfc.SRSetRestorePoint                              Setup.obs


***** External Variables *****
1    ADDREMOVE                                          isrt.obl(DebugSymbols.obs)
2    ADDREMOVE_COMBINEDBUTTON                           Setup.obs
3    ADDREMOVE_HIDECHANGEOPTION                         Setup.obs
4    ADDREMOVE_HIDEREMOVEOPTION                         Setup.obs
5    ADDREMOVE_HIDEREPAIROPTION                         Setup.obs
6    ADDREMOVE_STRING_REMOVEONLY                        Setup.obs
7    ADDREMOVE_SYSTEMCOMPONENT                          Setup.obs
8    ADMINUSER                                          Setup.obs
9    ALLUSERS                                           Setup.obs
10   BASICMSI                                           isrt.obl(DebugSymbols.obs)
11   BATCH_INSTALL                                      Setup.obs
12   CMDLINE                                            isrt.obl(DebugSymbols.obs)
13   COMMONFILES                                        isrt.obl(DebugSymbols.obs)
14   COMMONFILES64                                      isrt.obl(DebugSymbols.obs)
15   DISABLE_ALLUSERBTN                                 Setup.obs
16   DISABLE_PERUSERBTN                                 Setup.obs
17   DISK1SETUPEXENAME                                  isrt.obl(DebugSymbols.obs)
18   DISK1TARGET                                        Setup.obs
19   ENABLED_ISERVICES                                  isrt.obl(DebugSymbols.obs)
20   ENGINECOMMONDIR                                    isrt.obl(DebugSymbols.obs)
21   ENGINEDIR                                          isrt.obl(DebugSymbols.obs)
22   ERRORFILENAME                                      Setup.obs
23   Err                                                Setup.obs
24   FILETIME                                           Setup.obs
25   FIND_DATA                                          Setup.obs
26   FOLDER_APPDATA                                     isrt.obl(DebugSymbols.obs)
27   FOLDER_COMMON_APPDATA                              isrt.obl(DebugSymbols.obs)
28   FOLDER_DESKTOP                                     isrt.obl(DebugSymbols.obs)
29   FOLDER_DOTNET_10                                   isrt.obl(DebugSymbols.obs)
30   FOLDER_DOTNET_11                                   isrt.obl(DebugSymbols.obs)
31   FOLDER_DOTNET_20                                   isrt.obl(DebugSymbols.obs)
32   FOLDER_DOTNET_30                                   isrt.obl(DebugSymbols.obs)
33   FOLDER_DOTNET_35                                   isrt.obl(DebugSymbols.obs)
34   FOLDER_FONTS                                       isrt.obl(DebugSymbols.obs)
35   FOLDER_LOCAL_APPDATA                               isrt.obl(DebugSymbols.obs)
36   FOLDER_PERSONAL                                    isrt.obl(DebugSymbols.obs)
37   FOLDER_PROGRAMS                                    isrt.obl(DebugSymbols.obs)
38   FOLDER_STARTMENU                                   isrt.obl(DebugSymbols.obs)
39   FOLDER_STARTUP                                     isrt.obl(DebugSymbols.obs)
40   FOLDER_TEMP                                        isrt.obl(DebugSymbols.obs)
41   FileRegistrar                                      Setup.obs
42   HIDE_DISABLED_BTNS                                 Setup.obs
43   HKEYCURRENTROOTKEY                                 Setup.obs
44   IFX_COMPANY_NAME                                   Setup.obs
45   IFX_DISK1INSTALLED                                 Setup.obs
46   IFX_INITIALIZED                                    Setup.obs
47   IFX_INSTALLED_DISPLAY_VERSION                      Setup.obs
48   IFX_INSTALLED_VERSION                              Setup.obs
49   IFX_KEYPATH_PRODUCT_INFO                           Setup.obs
50   IFX_MULTI_INSTANCE_SUFFIX                          Setup.obs
51   IFX_OPEN_RESTORE_POINT                             isrt.obl(PCRestore.obs)
52   IFX_PRODUCT_COMMENTS                               Setup.obs
53   IFX_PRODUCT_DISPLAY_NAME                           Setup.obs
54   IFX_PRODUCT_DISPLAY_VERSION                        Setup.obs
55   IFX_PRODUCT_ICON                                   Setup.obs
56   IFX_PRODUCT_KEY                                    Setup.obs
57   IFX_PRODUCT_NAME                                   Setup.obs
58   IFX_PRODUCT_README                                 Setup.obs
59   IFX_PRODUCT_REGISTEREDCOMPANY                      Setup.obs
60   IFX_PRODUCT_REGISTEREDOWNER                        Setup.obs
61   IFX_PRODUCT_REGISTEREDSERIALNUM                    Setup.obs
62   IFX_PRODUCT_SUPPORT_CONTACT                        Setup.obs
63   IFX_PRODUCT_SUPPORT_PHONE                          Setup.obs
64   IFX_PRODUCT_SUPPORT_URL                            Setup.obs
65   IFX_PRODUCT_UPDATE_URL                             Setup.obs
66   IFX_PRODUCT_URL                                    Setup.obs
67   IFX_PRODUCT_VERSION                                Setup.obs
68   IFX_RESTORE_DISABLED                               isrt.obl(PCRestore.obs)
69   IFX_SETUP_TITLE                                    Setup.obs
70   IFX_SUPPORTED_VERSIONS                             Setup.obs
71   IISROOTFOLDER                                      isrt.obl(DebugSymbols.obs)
72   INSTALLSCRIPTMSI                                   isrt.obl(DebugSymbols.obs)
73   INSTALLSCRIPTMSIEEUI                               isrt.obl(DebugSymbols.obs)
74   INSTANCE_GUID                                      isrt.obl(DebugSymbols.obs)
75   ISDIFXAPPID                                        Setup.obs
76   ISRES                                              isrt.obl(DebugSymbols.obs)
77   ISUSER                                             isrt.obl(DebugSymbols.obs)
78   ISUTIL_FUNCTION_ACTUAL_ERROR                       Setup.obs
79   ISUTIL_LINE_NUMBER                                 Setup.obs
80   ISUTIL_SCRIPT_FILE                                 Setup.obs
81   ISVERSION                                          isrt.obl(DebugSymbols.obs)
82   IS_NULLSTR_PTR                                     Setup.obs
83   InetSRCDIR                                         Setup.obs
84   LAAW_PARAMETERS                                    Setup.obs
85   LAAW_SHELLEXECUTEINFO                              Setup.obs
86   LAAW_SHELLEXECUTEVERB                              Setup.obs
87   LAAW_STARTUPINFO                                   Setup.obs
88   LAST_RESULT                                        Setup.obs
89   LogDB                                              Setup.obs
90   MAINTENANCE                                        isrt.obl(DebugSymbols.obs)
91   MAINT_OPTION                                       isrt.obl(DebugSymbols.obs)
92   MEDIA                                              Setup.obs
93   MEDIA_INFO                                         isrt.obl(Feature.obs)
94   MODE                                               Setup.obs
95   MSG                                                Setup.obs
96   MULTI_INSTANCE_COUNT                               isrt.obl(DebugSymbols.obs)
97   MainWindow                                         Setup.obs
98   NOTHING                                            Setup.obs
99   OSINFO_PLATFORM_INFO                               Setup.obs
100  OSINFO_PROCESSOR_INFO                              Setup.obs
101  OSVERSIONINFO                                      Setup.obs
102  OSVERSIONINFOEX                                    Setup.obs
103  Objects                                            Setup.obs
104  PACKAGE_LOCATION                                   isrt.obl(DebugSymbols.obs)
105  POINT                                              Setup.obs
106  PRIVILEGED                                         Setup.obs
107  PRODUCT_GUID                                       isrt.obl(DebugSymbols.obs)
108  PROGRAMFILES                                       isrt.obl(DebugSymbols.obs)
109  PROGRAMFILES64                                     isrt.obl(DebugSymbols.obs)
110  RECT                                               Setup.obs
111  REGDB_OPTIONS                                      Setup.obs
112  REINSTALLMODE                                      isrt.obl(DebugSymbols.obs)
113  REMOVEALLMODE                                      isrt.obl(DebugSymbols.obs)
114  REMOVEONLY                                         isrt.obl(DebugSymbols.obs)
115  RUN_ONCE_PROGRAM                                   isrt.obl(DebugSymbols.obs)
116  Reboot                                             Setup.obs
117  SELECTED_LANGUAGE                                  isrt.obl(DebugSymbols.obs)
118  SERVICE_IS_PARAMS                                  Setup.obs
119  SETUPTYPE_STR_COMPACT                              Setup.obs
120  SETUPTYPE_STR_COMPLETE                             Setup.obs
121  SETUPTYPE_STR_CUSTOM                               Setup.obs
122  SETUPTYPE_STR_TYPICAL                              Setup.obs
123  SHAREDSUPPORTDIR                                   isrt.obl(DebugSymbols.obs)
124  SHELLEXECUTEINFO                                   Setup.obs
125  SHELL_OBJECT_FOLDER                                Setup.obs
126  SHOW_PASSWORD_DIALOG                               isrt.obl(DebugSymbols.obs)
127  SRCDIR                                             Setup.obs
128  SRCDISK                                            isrt.obl(DebugSymbols.obs)
129  STANDARD_SELECTED_LANGUAGE                         isrt.obl(DebugSymbols.obs)
130  STARTUPINFO                                        Setup.obs
131  SUPPORTDIR                                         isrt.obl(DebugSymbols.obs)
132  SYSINFO                                            Setup.obs
133  SYSPROCESSORINFO                                   Setup.obs
134  SYSTEMTIME                                         Setup.obs
135  SetupInfo                                          Setup.obs
136  StatusDlg                                          Setup.obs
137  TARGETDIR                                          Setup.obs
138  TARGETDISK                                         isrt.obl(DebugSymbols.obs)
139  TextSub                                            Setup.obs
140  UNINST                                             Setup.obs
141  UNINSTALLKEY                                       Setup.obs
142  UNINSTALL_DISPLAYNAME                              Setup.obs
143  UNINSTALL_STRING                                   Setup.obs
144  UPDATEMODE                                         Setup.obs
145  WINDIR                                             isrt.obl(DebugSymbols.obs)
146  WINDISK                                            isrt.obl(DebugSymbols.obs)
147  WINSYSDIR                                          isrt.obl(DebugSymbols.obs)
148  WINSYSDIR64                                        isrt.obl(DebugSymbols.obs)
149  WINSYSDISK                                         isrt.obl(DebugSymbols.obs)
150  _FONTFILEINFO                                      Setup.obs
151  _INT64                                             Setup.obs
152  _ISDIFXINSTALLERINFO                               isrt.obl(ISDIFx.obs)
153  _LAAW_PARAMETERS                                   Setup.obs
154  _RESTOREPOINTINFO                                  Setup.obs
155  _SERVICE_IS_PARAMS                                 Setup.obs
156  _STATEMGRSTATUS                                    Setup.obs
157  _WIN9X                                             Setup.obs
158  _WINNT                                             Setup.obs
159  __hContext                                         Setup.obs
160  __objGlobalTextSub                                 Setup.obs
161  __szGUID                                           Setup.obs
162  bBackButton                                        Setup.obs
163  bCancelButton                                      Setup.obs
164  bEnterDiskBeep                                     Setup.obs
165  bFinishButton                                      Setup.obs
166  bIFXLFNoToAll                                      Setup.obs
167  bIFXLFOnRebootToAll                                Setup.obs
168  bIFXLFYesToAll                                     Setup.obs
169  bIFXMD5IgnoreToAll                                 Setup.obs
170  bIFXRONoToAll                                      Setup.obs
171  bIFXROYesToAll                                     Setup.obs
172  bIFXSFNoToAll                                      Setup.obs
173  bIFXSFYesToAll                                     Setup.obs
174  bInstall16                                         Setup.obs
175  bNextButton                                        Setup.obs
176  bSdInit                                            Setup.obs
177  bViewCmptKunits                                    Setup.obs
178  bViewCmptUseDecimal                                Setup.obs
179  g_bSuppressMissingStringWarning                    isrt.obl(Enable.obs)
180  nDlgEnterPassword                                  Setup.obs
181  nDlgMessageBox                                     Setup.obs
182  nDlgSelectDir                                      Setup.obs
183  nDlgSetupType2                                     Setup.obs
184  nDlgSprintfBox                                     Setup.obs
185  nSdAskDestPath2                                    Setup.obs
186  nSdComponentTree                                   Setup.obs
187  nSdFinish                                          Setup.obs
188  nSdFinishReboot                                    Setup.obs
189  nSdLicense2                                        Setup.obs
190  nSdLicense2Rtf                                     Setup.obs
191  nSdRegisterUser                                    Setup.obs
192  nSdStartCopy2                                      Setup.obs
193  nSdWelcome                                         Setup.obs
194  nSdWelcomeMaint                                    Setup.obs
195  szAppKey                                           Setup.obs
196  szSdProduct                                        Setup.obs
197  szSdStr_NotEnoughSpace                             Setup.obs
